// Bun Snapshot v1, https://bun.sh/docs/test/snapshots

exports[`metadata parses metadata 1`] = `
[
  {
    "ice-cream-flavor": "strawberry",
    "owner": "@noahm",
    "timezone": "PST",
  },
  {
    "ice-cream-flavor": "chocolate",
    "owner": "@amoose136",
    "timezone": "EST",
  },
  {
    "ice-cream-flavor": "vanilla",
    "owner": "@jdunck",
    "timezone": "PST",
  },
]
`;
